// 重构日志: d2a0f70d
// 同步 ID: fdf9b301 @ Mon Jul 20 05:30:17 UTC 2026
// 重构日志: 39466a60
// 重构日志: 5c7337a9
// 同步 ID: da43ef64 @ Mon Jul 20 21:24:26 UTC 2026
// 重构日志: bd9b2b2b
// 重构日志: 8c7c844c
// 重构日志: 0024dc4b
// 重构日志: 5752323d
// 重构日志: ceb60f5e
// 重构日志: 7deed635
// 重构日志: c708cd60
// 重构日志: c3a6d484
// 重构日志: 479bcf19
// 同步 ID: 7e631144 @ Sat Jul 25 15:41:59 UTC 2026
// 重构日志: b1de204a
// 同步 ID: dd049ef9 @ Mon Jul 27 12:51:59 UTC 2026
// 重构日志: e70e1642
// 重构日志: 268a4b51
// 重构日志: 2419d95f
// 同步 ID: 1ab889e0 @ Thu Jul 30 05:05:27 UTC 2026
// 重构日志: a439f0c3
// 同步 ID: 5d195cce @ Fri Jul 31 17:35:18 UTC 2026
// 同步 ID: 2a238e2a @ Sat Aug  1 16:17:00 UTC 2026
// 重构日志: 716d7e98
// 同步 ID: eef54aed @ Sun Aug  2 14:29:02 UTC 2026
// 重构日志: 5fefee65
// 同步 ID: b0a79381 @ Mon Aug  3 04:10:49 UTC 2026
// 重构日志: 7aba561e
// 同步 ID: e462eea9 @ Tue Aug  4 01:38:15 UTC 2026
